src/App.tsx(21,1): error TS6133: 'TraineeComplaint' is declared but its value is never read.
src/App.tsx(204,61): error TS2322: Type '{ openModal: (m: ModalName) => void; }' is not assignable to type 'IntrinsicAttributes'.
  Property 'openModal' does not exist on type 'IntrinsicAttributes'.
src/pages/Report.tsx(325,41): error TS2322: Type '{ children: string; variant: "slate"; className: string; }' is not assignable to type 'IntrinsicAttributes & { variant: BadgeVariant; children: ReactNode; style?: CSSProperties | undefined; }'.
  Property 'className' does not exist on type 'IntrinsicAttributes & { variant: BadgeVariant; children: ReactNode; style?: CSSProperties | undefined; }'.
src/pages/Report.tsx(656,53): error TS2322: Type '{ children: "Excellent" | "High Efficiency" | "Moderate" | "Low Utilization"; variant: "green" | "red" | "amber"; className: string; }' is not assignable to type 'IntrinsicAttributes & { variant: BadgeVariant; children: ReactNode; style?: CSSProperties | undefined; }'.
  Property 'className' does not exist on type 'IntrinsicAttributes & { variant: BadgeVariant; children: ReactNode; style?: CSSProperties | undefined; }'.
